This file contains any messages produced by compilers while
running configure, to aid debugging if configure makes a mistake.

It was created by Neutrino configure 0.3.0, which was
generated by GNU Autoconf 2.72.  Invocation command line was

  $ ./configure

## --------- ##
## Platform. ##
## --------- ##

hostname = 06975165850e
uname -m = x86_64
uname -r = 4.4.0
uname -s = Linux
uname -v = #1 SMP Sun Jan 10 15:06:54 PST 2016

/usr/bin/uname -p = unknown
/bin/uname -X     = unknown

/bin/arch              = x86_64
/usr/bin/arch -k       = unknown
/usr/convex/getsysinfo = unknown
/usr/bin/hostinfo      = unknown
/bin/machine           = unknown
/usr/bin/oslevel       = unknown
/bin/universe          = unknown

PATH: /opt/apply_patch/bin/
PATH: /opt/imagemagick/bin/
PATH: /opt/pyvenv/bin/
PATH: /usr/local/swift/usr/bin/
PATH: /usr/local/go/bin/
PATH: /opt/nvm/versions/node/v22.16.0/bin/
PATH: /usr/local/sbin/
PATH: /usr/local/bin/
PATH: /usr/sbin/
PATH: /usr/bin/
PATH: /sbin/
PATH: /bin/
PATH: /root/.sdkman/candidates/kotlin/current/bin/


## ----------- ##
## Core tests. ##
## ----------- ##

configure:2197: checking for g++
configure:2218: found /usr/bin/g++
configure:2230: result: g++
configure:2257: checking for C++ compiler version
configure:2266: g++ --version >&5
g++ (Debian 14.2.0-19) 14.2.0
Copyright (C) 2024 Free Software Foundation, Inc.
This is free software; see the source for copying conditions.  There is NO
warranty; not even for MERCHANTABILITY or FITNESS FOR A PARTICULAR PURPOSE.

configure:2277: $? = 0
configure:2266: g++ -v >&5
Using built-in specs.
COLLECT_GCC=g++
COLLECT_LTO_WRAPPER=/usr/libexec/gcc/x86_64-linux-gnu/14/lto-wrapper
OFFLOAD_TARGET_NAMES=nvptx-none:amdgcn-amdhsa
OFFLOAD_TARGET_DEFAULT=1
Target: x86_64-linux-gnu
Configured with: ../src/configure -v --with-pkgversion='Debian 14.2.0-19' --with-bugurl=file:///usr/share/doc/gcc-14/README.Bugs --enable-languages=c,ada,c++,go,d,fortran,objc,obj-c++,m2,rust --prefix=/usr --with-gcc-major-version-only --program-suffix=-14 --program-prefix=x86_64-linux-gnu- --enable-shared --enable-linker-build-id --libexecdir=/usr/libexec --without-included-gettext --enable-threads=posix --libdir=/usr/lib --enable-nls --enable-bootstrap --enable-clocale=gnu --enable-libstdcxx-debug --enable-libstdcxx-time=yes --with-default-libstdcxx-abi=new --enable-libstdcxx-backtrace --enable-gnu-unique-object --disable-vtable-verify --enable-plugin --enable-default-pie --with-system-zlib --enable-libphobos-checking=release --with-target-system-zlib=auto --enable-objc-gc=auto --enable-multiarch --disable-werror --enable-cet --with-arch-32=i686 --with-abi=m64 --with-multilib-list=m32,m64,mx32 --enable-multilib --with-tune=generic --enable-offload-targets=nvptx-none=/build/reproducible-path/gcc-14-14.2.0/debian/tmp-nvptx/usr,amdgcn-amdhsa=/build/reproducible-path/gcc-14-14.2.0/debian/tmp-gcn/usr --enable-offload-defaulted --without-cuda-driver --enable-checking=release --build=x86_64-linux-gnu --host=x86_64-linux-gnu --target=x86_64-linux-gnu --with-build-config=bootstrap-lto-lean --enable-link-serialization=3
Thread model: posix
Supported LTO compression algorithms: zlib zstd
gcc version 14.2.0 (Debian 14.2.0-19) 
... rest of stderr output deleted ...
configure:2277: $? = 0
configure:2266: g++ -V >&5
g++: error: unrecognized command-line option '-V'
g++: fatal error: no input files
compilation terminated.
configure:2277: $? = 1
configure:2266: g++ -qversion >&5
g++: error: unrecognized command-line option '-qversion'; did you mean '--version'?
g++: fatal error: no input files
compilation terminated.
configure:2277: $? = 1
configure:2297: checking whether the C++ compiler works
configure:2319: g++    conftest.cpp  >&5
configure:2323: $? = 0
configure:2374: result: yes
configure:2378: checking for C++ compiler default output file name
configure:2380: result: a.out
configure:2386: checking for suffix of executables
configure:2393: g++ -o conftest    conftest.cpp  >&5
configure:2397: $? = 0
configure:2421: result: 
configure:2445: checking whether we are cross compiling
configure:2453: g++ -o conftest    conftest.cpp  >&5
configure:2457: $? = 0
configure:2464: ./conftest
configure:2468: $? = 0
configure:2483: result: no
configure:2489: checking for suffix of object files
configure:2512: g++ -c   conftest.cpp >&5
configure:2516: $? = 0
configure:2540: result: o
configure:2544: checking whether the compiler supports GNU C++
configure:2564: g++ -c   conftest.cpp >&5
configure:2564: $? = 0
configure:2576: result: yes
configure:2587: checking whether g++ accepts -g
configure:2608: g++ -c -g  conftest.cpp >&5
configure:2608: $? = 0
configure:2655: result: yes
configure:2675: checking for g++ option to enable C++11 features
configure:2690: g++  -c -g -O2  conftest.cpp >&5
conftest.cpp: In function 'int main(int, char**)':
conftest.cpp:175:25: warning: empty parentheses were disambiguated as a function declaration [-Wvexing-parse]
  175 |   cxx11test::delegate d2();
      |                         ^~
conftest.cpp:175:25: note: remove parentheses to default-initialize a variable
  175 |   cxx11test::delegate d2();
      |                         ^~
      |                         --
conftest.cpp:175:25: note: or replace parentheses with braces to value-initialize a variable
configure:2690: $? = 0
configure:2709: result: none needed
configure:2827: checking for ar
configure:2848: found /usr/bin/ar
configure:2860: result: ar
configure:2931: checking for ranlib
configure:2952: found /usr/bin/ranlib
configure:2964: result: ranlib
configure:2992: checking whether the C++ compiler supports C++17
configure:3008: g++ -c -g -O2 -std=c++17  conftest.cpp >&5
configure:3008: $? = 0
configure:3010: result: yes
configure:3025: checking for stdio.h
configure:3025: g++ -c -g -O2  conftest.cpp >&5
configure:3025: $? = 0
configure:3025: result: yes
configure:3025: checking for stdlib.h
configure:3025: g++ -c -g -O2  conftest.cpp >&5
configure:3025: $? = 0
configure:3025: result: yes
configure:3025: checking for string.h
configure:3025: g++ -c -g -O2  conftest.cpp >&5
configure:3025: $? = 0
configure:3025: result: yes
configure:3025: checking for inttypes.h
configure:3025: g++ -c -g -O2  conftest.cpp >&5
configure:3025: $? = 0
configure:3025: result: yes
configure:3025: checking for stdint.h
configure:3025: g++ -c -g -O2  conftest.cpp >&5
configure:3025: $? = 0
configure:3025: result: yes
configure:3025: checking for strings.h
configure:3025: g++ -c -g -O2  conftest.cpp >&5
configure:3025: $? = 0
configure:3025: result: yes
configure:3025: checking for sys/stat.h
configure:3025: g++ -c -g -O2  conftest.cpp >&5
configure:3025: $? = 0
configure:3025: result: yes
configure:3025: checking for sys/types.h
configure:3025: g++ -c -g -O2  conftest.cpp >&5
configure:3025: $? = 0
configure:3025: result: yes
configure:3025: checking for unistd.h
configure:3025: g++ -c -g -O2  conftest.cpp >&5
configure:3025: $? = 0
configure:3025: result: yes
configure:3053: checking for X11/Xlib.h
configure:3053: g++ -c -g -O2  conftest.cpp >&5
configure:3053: $? = 0
configure:3053: result: yes
configure:3053: checking for dlfcn.h
configure:3053: g++ -c -g -O2  conftest.cpp >&5
configure:3053: $? = 0
configure:3053: result: yes
configure:3069: checking for XOpenDisplay in -lX11
configure:3091: g++ -o conftest -g -O2   conftest.cpp -lX11   >&5
configure:3091: $? = 0
configure:3103: result: yes
configure:3116: checking for dlopen in -ldl
configure:3138: g++ -o conftest -g -O2   conftest.cpp -ldl   >&5
configure:3138: $? = 0
configure:3150: result: yes
configure:3160: Xft anti-aliased font support is enabled automatically by Makefile.autoconf when pkg-config xft is available.
configure:3272: creating ./config.status

## ---------------------- ##
## Running config.status. ##
## ---------------------- ##

This file was extended by Neutrino config.status 0.3.0, which was
generated by GNU Autoconf 2.72.  Invocation command line was

  CONFIG_FILES    = 
  CONFIG_HEADERS  = 
  CONFIG_LINKS    = 
  CONFIG_COMMANDS = 
  $ ./config.status 

on 06975165850e

config.status:797: creating Makefile.autoconf
config.status:797: creating config.h
config.status:967: config.h is unchanged

## ---------------- ##
## Cache variables. ##
## ---------------- ##

ac_cv_cxx_compiler_gnu=yes
ac_cv_env_CCC_set=
ac_cv_env_CCC_value=
ac_cv_env_CPPFLAGS_set=
ac_cv_env_CPPFLAGS_value=
ac_cv_env_CXXFLAGS_set=
ac_cv_env_CXXFLAGS_value=
ac_cv_env_CXX_set=
ac_cv_env_CXX_value=
ac_cv_env_LDFLAGS_set=
ac_cv_env_LDFLAGS_value=
ac_cv_env_LIBS_set=
ac_cv_env_LIBS_value=
ac_cv_env_build_alias_set=
ac_cv_env_build_alias_value=
ac_cv_env_host_alias_set=
ac_cv_env_host_alias_value=
ac_cv_env_target_alias_set=
ac_cv_env_target_alias_value=
ac_cv_header_X11_Xlib_h=yes
ac_cv_header_dlfcn_h=yes
ac_cv_header_inttypes_h=yes
ac_cv_header_stdint_h=yes
ac_cv_header_stdio_h=yes
ac_cv_header_stdlib_h=yes
ac_cv_header_string_h=yes
ac_cv_header_strings_h=yes
ac_cv_header_sys_stat_h=yes
ac_cv_header_sys_types_h=yes
ac_cv_header_unistd_h=yes
ac_cv_lib_X11_XOpenDisplay=yes
ac_cv_lib_dl_dlopen=yes
ac_cv_objext=o
ac_cv_prog_ac_ct_AR=ar
ac_cv_prog_ac_ct_CXX=g++
ac_cv_prog_ac_ct_RANLIB=ranlib
ac_cv_prog_cxx_cxx11=
ac_cv_prog_cxx_g=yes
ac_cv_prog_cxx_stdcxx=

## ----------------- ##
## Output variables. ##
## ----------------- ##

AR='ar'
CPPFLAGS=''
CXX='g++'
CXXFLAGS='-g -O2'
DEFS='-DHAVE_CONFIG_H'
DL_LIBS='-ldl'
ECHO_C=''
ECHO_N='-n'
ECHO_T=''
EXEEXT=''
LDFLAGS=''
LIBOBJS=''
LIBS=''
LTLIBOBJS=''
OBJEXT='o'
PACKAGE_BUGREPORT='support@example.invalid'
PACKAGE_NAME='Neutrino'
PACKAGE_STRING='Neutrino 0.3.0'
PACKAGE_TARNAME='neutrino'
PACKAGE_URL=''
PACKAGE_VERSION='0.3.0'
PATH_SEPARATOR=':'
RANLIB='ranlib'
SHELL='/bin/bash'
X11_LIBS='-lX11'
ac_ct_CXX='g++'
bindir='${exec_prefix}/bin'
build_alias=''
datadir='${datarootdir}'
datarootdir='${prefix}/share'
docdir='${datarootdir}/doc/${PACKAGE_TARNAME}'
dvidir='${docdir}'
exec_prefix='${prefix}'
host_alias=''
htmldir='${docdir}'
includedir='${prefix}/include'
infodir='${datarootdir}/info'
libdir='${exec_prefix}/lib'
libexecdir='${exec_prefix}/libexec'
localedir='${datarootdir}/locale'
localstatedir='${prefix}/var'
mandir='${datarootdir}/man'
oldincludedir='/usr/include'
pdfdir='${docdir}'
prefix='/usr/local'
program_transform_name='s,x,x,'
psdir='${docdir}'
runstatedir='${localstatedir}/run'
sbindir='${exec_prefix}/sbin'
sharedstatedir='${prefix}/com'
sysconfdir='${prefix}/etc'
target_alias=''

## ----------- ##
## confdefs.h. ##
## ----------- ##

/* confdefs.h */
#define PACKAGE_NAME "Neutrino"
#define PACKAGE_TARNAME "neutrino"
#define PACKAGE_VERSION "0.3.0"
#define PACKAGE_STRING "Neutrino 0.3.0"
#define PACKAGE_BUGREPORT "support@example.invalid"
#define PACKAGE_URL ""
#define HAVE_STDIO_H 1
#define HAVE_STDLIB_H 1
#define HAVE_STRING_H 1
#define HAVE_INTTYPES_H 1
#define HAVE_STDINT_H 1
#define HAVE_STRINGS_H 1
#define HAVE_SYS_STAT_H 1
#define HAVE_SYS_TYPES_H 1
#define HAVE_UNISTD_H 1
#define STDC_HEADERS 1
#define HAVE_X11_XLIB_H 1
#define HAVE_DLFCN_H 1

configure: exit 0
